# hmmsearch :: search profile(s) against a sequence database
# HMMER 3.3.2 (Nov 2020); http://hmmer.org/
# Copyright (C) 2020 Howard Hughes Medical Institute.
# Freely distributed under the BSD open source license.
# - - - - - - - - - - - - - - - - - - - - - - - - - - - - - - - - - - - -
# query HMM file:                  /nfs/home/fieldc/.local/lib/python3.7/site-packages/fetchmgs/data/COG0099.hmm
# target sequence database:        example_input/example_data_genomes.faa
# output directed to file:         example_output/hmmResults/COG0099.out
# per-dom hits tabular output:     example_output/hmmResults/COG0099.dom
# show alignments in output:       no
# max ASCII text line length:      unlimited
# sequence reporting threshold:    score >= 120
# number of worker threads:        1
# - - - - - - - - - - - - - - - - - - - - - - - - - - - - - - - - - - - -

Query:       COG0099  [M=150]
Scores for complete sequences (score includes all domains):
   --- full sequence ---   --- best 1 domain ---    -#dom-
    E-value  score  bias    E-value  score  bias    exp  N  Sequence           Description
    ------- ------ -----    ------- ------ -----   ---- --  --------           -----------
    2.7e-56  189.8   2.9    2.9e-56  189.7   2.9    1.0  1  1089456.NCGM2_5486  protein_id="BAK92307.1" gene="rpsM" product="30S ribosomal protein S13" GI="348036947" note="similar to GI:116052276; similar to PA14_09080 of P. aeruginosa UCBPP-PA14" project_id="73453"
    3.2e-56  189.6   4.7    3.5e-56  189.4   4.7    1.0  1  1037409.BJ6T_44090  protein_id="BAL09678.1" gene="rpsM" product="30S ribosomal protein S13" GI="354956999" project_id="67463"
      6e-55  185.5   2.0    6.5e-55  185.3   2.0    1.0  1  1148.SYNGTS_0753    protein_id="BAK49501.1" gene="rps13" product="30S ribosomal protein S13" GI="339273014" note="ORF_ID:sll1816" project_id="67081"
    7.5e-54  181.9   1.4    8.1e-54  181.8   1.4    1.0  1  944546.ABED_0963    protein_id="BAK70680.1" product="30S ribosomal protein S13" GI="345469229" project_id="61719"
    1.3e-53  181.1   1.6    1.5e-53  180.9   1.6    1.0  1  944547.ABLL_1774    protein_id="BAK73649.1" product="30S ribosomal protein S13" GI="345472199" project_id="61721"


Domain annotation for each sequence:
>> 1089456.NCGM2_5486  protein_id="BAK92307.1" gene="rpsM" product="30S ribosomal protein S13" GI="348036947" note="similar to GI:116052276; similar to PA14_09080 of P. aeruginosa UCBPP-PA14" project_id="73453"
   #    score  bias  c-Evalue  i-Evalue hmmfrom  hmm to    alifrom  ali to    envfrom  env to     acc
 ---   ------ ----- --------- --------- ------- -------    ------- -------    ------- -------    ----
   1 !  189.7   2.9   6.3e-60   2.9e-56      23     140 ..       1     117 [.       1     118 [] 0.99

>> 1037409.BJ6T_44090  protein_id="BAL09678.1" gene="rpsM" product="30S ribosomal protein S13" GI="354956999" project_id="67463"
   #    score  bias  c-Evalue  i-Evalue hmmfrom  hmm to    alifrom  ali to    envfrom  env to     acc
 ---   ------ ----- --------- --------- ------- -------    ------- -------    ------- -------    ----
   1 !  189.4   4.7   7.6e-60   3.5e-56      23     144 ..       1     122 []       1     122 [] 0.99

>> 1148.SYNGTS_0753  protein_id="BAK49501.1" gene="rps13" product="30S ribosomal protein S13" GI="339273014" note="ORF_ID:sll1816" project_id="67081"
   #    score  bias  c-Evalue  i-Evalue hmmfrom  hmm to    alifrom  ali to    envfrom  env to     acc
 ---   ------ ----- --------- --------- ------- -------    ------- -------    ------- -------    ----
   1 !  185.3   2.0   1.4e-58   6.5e-55      23     147 ..       1     125 [.       1     127 [] 0.98

>> 944546.ABED_0963  protein_id="BAK70680.1" product="30S ribosomal protein S13" GI="345469229" project_id="61719"
   #    score  bias  c-Evalue  i-Evalue hmmfrom  hmm to    alifrom  ali to    envfrom  env to     acc
 ---   ------ ----- --------- --------- ------- -------    ------- -------    ------- -------    ----
   1 !  181.8   1.4   1.8e-57   8.1e-54      23     141 ..       1     119 [.       1     122 [] 0.98

>> 944547.ABLL_1774  protein_id="BAK73649.1" product="30S ribosomal protein S13" GI="345472199" project_id="61721"
   #    score  bias  c-Evalue  i-Evalue hmmfrom  hmm to    alifrom  ali to    envfrom  env to     acc
 ---   ------ ----- --------- --------- ------- -------    ------- -------    ------- -------    ----
   1 !  180.9   1.6   3.1e-57   1.5e-53      23     141 ..       1     119 [.       1     122 [] 0.98



Internal pipeline statistics summary:
-------------------------------------
Query model(s):                            1  (150 nodes)
Target sequences:                      23272  (7230323 residues searched)
Passed MSV filter:                       928  (0.0398762); expected 465.4 (0.02)
Passed bias filter:                      669  (0.028747); expected 465.4 (0.02)
Passed Vit filter:                        65  (0.00279306); expected 23.3 (0.001)
Passed Fwd filter:                         9  (0.000386731); expected 0.2 (1e-05)
Initial search space (Z):              23272  [actual number of targets]
Domain search space  (domZ):               5  [number of targets reported over threshold]
# CPU time: 0.15u 0.00s 00:00:00.15 Elapsed: 00:00:00.10
# Mc/sec: 10281.28
//
[ok]
