# hmmsearch :: search profile(s) against a sequence database
# HMMER 3.3.2 (Nov 2020); http://hmmer.org/
# Copyright (C) 2020 Howard Hughes Medical Institute.
# Freely distributed under the BSD open source license.
# - - - - - - - - - - - - - - - - - - - - - - - - - - - - - - - - - - - -
# query HMM file:                  /nfs/home/fieldc/.local/lib/python3.7/site-packages/fetchmgs/data/COG0103.hmm
# target sequence database:        example_input/example_data_genomes.faa
# output directed to file:         example_output/hmmResults/COG0103.out
# per-dom hits tabular output:     example_output/hmmResults/COG0103.dom
# show alignments in output:       no
# max ASCII text line length:      unlimited
# sequence reporting threshold:    score >= 80
# number of worker threads:        1
# - - - - - - - - - - - - - - - - - - - - - - - - - - - - - - - - - - - -

Query:       COG0103  [M=275]
Scores for complete sequences (score includes all domains):
   --- full sequence ---   --- best 1 domain ---    -#dom-
    E-value  score  bias    E-value  score  bias    exp  N  Sequence           Description
    ------- ------ -----    ------- ------ -----   ---- --  --------           -----------
    1.6e-69  235.5   2.8    1.7e-69  235.4   2.8    1.0  1  1037409.BJ6T_47260  protein_id="BAL09991.1" gene="rpsI" product="30S ribosomal protein S9" GI="354957312" project_id="67463"
    8.8e-61  206.8   0.9    9.6e-61  206.7   0.9    1.0  1  1148.SYNGTS_0747    protein_id="BAK49495.1" gene="rps9" product="30S ribosomal protein S9" GI="339273008" note="ORF_ID:sll1822" project_id="67081"
    5.8e-58  197.6   2.1    6.3e-58  197.5   2.1    1.0  1  944546.ABED_0095    protein_id="BAK69812.1" product="30S ribosomal protein S9" GI="345468361" project_id="61719"
    1.5e-57  196.2   2.9    1.7e-57  196.1   2.9    1.0  1  944547.ABLL_0246    protein_id="BAK72121.1" product="30S ribosomal protein S9" GI="345470671" project_id="61721"
    4.1e-46  158.7   1.8    4.4e-46  158.6   1.8    1.0  1  1089456.NCGM2_1171  protein_id="BAK88042.1" gene="rpsI" product="30S ribosomal protein S9" GI="348032682" note="similar to GI:116052465; similar to PA14_57580 of P. aeruginosa UCBPP-PA14" project_id="73453"


Domain annotation for each sequence:
>> 1037409.BJ6T_47260  protein_id="BAL09991.1" gene="rpsI" product="30S ribosomal protein S9" GI="354957312" project_id="67463"
   #    score  bias  c-Evalue  i-Evalue hmmfrom  hmm to    alifrom  ali to    envfrom  env to     acc
 ---   ------ ----- --------- --------- ------- -------    ------- -------    ------- -------    ----
   1 !  235.4   2.8   3.7e-73   1.7e-69     132     275 .]      12     159 .]       1     159 [] 0.89

>> 1148.SYNGTS_0747  protein_id="BAK49495.1" gene="rps9" product="30S ribosomal protein S9" GI="339273008" note="ORF_ID:sll1822" project_id="67081"
   #    score  bias  c-Evalue  i-Evalue hmmfrom  hmm to    alifrom  ali to    envfrom  env to     acc
 ---   ------ ----- --------- --------- ------- -------    ------- -------    ------- -------    ----
   1 !  206.7   0.9   2.1e-64   9.6e-61     143     275 .]       4     137 .]       1     137 [] 0.95

>> 944546.ABED_0095  protein_id="BAK69812.1" product="30S ribosomal protein S9" GI="345468361" project_id="61719"
   #    score  bias  c-Evalue  i-Evalue hmmfrom  hmm to    alifrom  ali to    envfrom  env to     acc
 ---   ------ ----- --------- --------- ------- -------    ------- -------    ------- -------    ----
   1 !  197.5   2.1   1.4e-61   6.3e-58     150     275 .]       3     129 .]       1     129 [] 0.98

>> 944547.ABLL_0246  protein_id="BAK72121.1" product="30S ribosomal protein S9" GI="345470671" project_id="61721"
   #    score  bias  c-Evalue  i-Evalue hmmfrom  hmm to    alifrom  ali to    envfrom  env to     acc
 ---   ------ ----- --------- --------- ------- -------    ------- -------    ------- -------    ----
   1 !  196.1   2.9   3.6e-61   1.7e-57     150     275 .]       3     129 .]       1     129 [] 0.98

>> 1089456.NCGM2_1171  protein_id="BAK88042.1" gene="rpsI" product="30S ribosomal protein S9" GI="348032682" note="similar to GI:116052465; similar to PA14_57580 of P. aeruginosa UCBPP-PA14" project_id="73453"
   #    score  bias  c-Evalue  i-Evalue hmmfrom  hmm to    alifrom  ali to    envfrom  env to     acc
 ---   ------ ----- --------- --------- ------- -------    ------- -------    ------- -------    ----
   1 !  158.6   1.8   9.5e-50   4.4e-46     191     275 .]       1      85 []       1      85 [] 0.99



Internal pipeline statistics summary:
-------------------------------------
Query model(s):                            1  (275 nodes)
Target sequences:                      23272  (7230323 residues searched)
Passed MSV filter:                      1236  (0.053111); expected 465.4 (0.02)
Passed bias filter:                      641  (0.0275438); expected 465.4 (0.02)
Passed Vit filter:                        85  (0.00365246); expected 23.3 (0.001)
Passed Fwd filter:                         7  (0.000300791); expected 0.2 (1e-05)
Initial search space (Z):              23272  [actual number of targets]
Domain search space  (domZ):               5  [number of targets reported over threshold]
# CPU time: 0.22u 0.01s 00:00:00.23 Elapsed: 00:00:00.16
# Mc/sec: 11725.85
//
[ok]
