# hmmsearch :: search profile(s) against a sequence database
# HMMER 3.3 (Nov 2019); http://hmmer.org/
# Copyright (C) 2019 Howard Hughes Medical Institute.
# Freely distributed under the BSD open source license.
# - - - - - - - - - - - - - - - - - - - - - - - - - - - - - - - - - - - -
# query HMM file:                  .//../fetchmgs/data/COG0097.hmm
# target sequence database:        .//test_data/example_data_genomes.faa
# output directed to file:         ./example_output_besthits/hmmResults/COG0097.out
# per-dom hits tabular output:     ./example_output_besthits/hmmResults/COG0097.dom
# show alignments in output:       no
# max ASCII text line length:      unlimited
# sequence reporting threshold:    score >= 100
# number of worker threads:        1
# - - - - - - - - - - - - - - - - - - - - - - - - - - - - - - - - - - - -

Query:       COG0097  [M=178]
Scores for complete sequences (score includes all domains):
   --- full sequence ---   --- best 1 domain ---    -#dom-
    E-value  score  bias    E-value  score  bias    exp  N  Sequence           Description
    ------- ------ -----    ------- ------ -----   ---- --  --------           -----------
    1.3e-74  250.1   3.7    1.4e-74  249.9   3.7    1.0  1  1148.SYNGTS_0761    protein_id="BAK49509.1" gene="rpl6" product="50S ribosomal protein L6" GI="339273022" note="ORF_ID:sll1810" project_id="67081"
    3.7e-73  245.3   4.6    4.2e-73  245.1   4.6    1.0  1  1037409.BJ6T_44020  protein_id="BAL09671.1" gene="rplF" product="50S ribosomal protein L6" GI="354956992" project_id="67463"
    2.4e-71  239.4   0.5    2.6e-71  239.3   0.5    1.0  1  1089456.NCGM2_5493  protein_id="BAK92314.1" gene="rplF" product="50S ribosomal protein L6" GI="348036954" note="similar to GI:116052283; similar to PA14_09000 of P. aeruginosa UCBPP-PA14" project_id="73453"
    3.9e-64  215.9   4.3    4.3e-64  215.8   4.3    1.0  1  944546.ABED_0714    protein_id="BAK70431.1" product="50S ribosomal protein L6" GI="345468980" project_id="61719"
    5.7e-63  212.1   6.3    6.3e-63  212.0   6.3    1.0  1  944547.ABLL_0989    protein_id="BAK72864.1" product="50S ribosomal protein L6" GI="345471414" project_id="61721"


Domain annotation for each sequence:
>> 1148.SYNGTS_0761  protein_id="BAK49509.1" gene="rpl6" product="50S ribosomal protein L6" GI="339273022" note="ORF_ID:sll1810" project_id="67081"
   #    score  bias  c-Evalue  i-Evalue hmmfrom  hmm to    alifrom  ali to    envfrom  env to     acc
 ---   ------ ----- --------- --------- ------- -------    ------- -------    ------- -------    ----
   1 !  249.9   3.7   3.1e-78   1.4e-74       1     177 [.       1     178 [.       1     179 [] 0.99

>> 1037409.BJ6T_44020  protein_id="BAL09671.1" gene="rplF" product="50S ribosomal protein L6" GI="354956992" project_id="67463"
   #    score  bias  c-Evalue  i-Evalue hmmfrom  hmm to    alifrom  ali to    envfrom  env to     acc
 ---   ------ ----- --------- --------- ------- -------    ------- -------    ------- -------    ----
   1 !  245.1   4.6   8.9e-77   4.2e-73       1     176 [.       1     176 [.       1     177 [] 0.99

>> 1089456.NCGM2_5493  protein_id="BAK92314.1" gene="rplF" product="50S ribosomal protein L6" GI="348036954" note="similar to GI:116052283; similar to PA14_09000 of P. aeruginosa UCBPP-PA14" project_id="73453"
   #    score  bias  c-Evalue  i-Evalue hmmfrom  hmm to    alifrom  ali to    envfrom  env to     acc
 ---   ------ ----- --------- --------- ------- -------    ------- -------    ------- -------    ----
   1 !  239.3   0.5   5.6e-75   2.6e-71       1     176 [.       1     176 [.       1     177 [] 0.99

>> 944546.ABED_0714  protein_id="BAK70431.1" product="50S ribosomal protein L6" GI="345468980" project_id="61719"
   #    score  bias  c-Evalue  i-Evalue hmmfrom  hmm to    alifrom  ali to    envfrom  env to     acc
 ---   ------ ----- --------- --------- ------- -------    ------- -------    ------- -------    ----
   1 !  215.8   4.3   9.2e-68   4.3e-64       1     177 [.       1     177 [.       1     178 [] 0.98

>> 944547.ABLL_0989  protein_id="BAK72864.1" product="50S ribosomal protein L6" GI="345471414" project_id="61721"
   #    score  bias  c-Evalue  i-Evalue hmmfrom  hmm to    alifrom  ali to    envfrom  env to     acc
 ---   ------ ----- --------- --------- ------- -------    ------- -------    ------- -------    ----
   1 !  212.0   6.3   1.4e-66   6.3e-63       1     177 [.       1     177 [.       1     178 [] 0.98



Internal pipeline statistics summary:
-------------------------------------
Query model(s):                            1  (178 nodes)
Target sequences:                      23272  (7230323 residues searched)
Passed MSV filter:                       612  (0.0262977); expected 465.4 (0.02)
Passed bias filter:                      398  (0.0171021); expected 465.4 (0.02)
Passed Vit filter:                        46  (0.00197662); expected 23.3 (0.001)
Passed Fwd filter:                         6  (0.000257821); expected 0.2 (1e-05)
Initial search space (Z):              23272  [actual number of targets]
Domain search space  (domZ):               5  [number of targets reported over threshold]
# CPU time: 0.09u 0.01s 00:00:00.10 Elapsed: 00:00:00.06
# Mc/sec: 19294.10
//
[ok]
