# hmmsearch :: search profile(s) against a sequence database
# HMMER 3.3 (Nov 2019); http://hmmer.org/
# Copyright (C) 2019 Howard Hughes Medical Institute.
# Freely distributed under the BSD open source license.
# - - - - - - - - - - - - - - - - - - - - - - - - - - - - - - - - - - - -
# query HMM file:                  .//../fetchmgs/data/COG0495.hmm
# target sequence database:        .//test_data/example_data_genomes.faa
# output directed to file:         ./example_output_besthits/hmmResults/COG0495.out
# per-dom hits tabular output:     ./example_output_besthits/hmmResults/COG0495.dom
# show alignments in output:       no
# max ASCII text line length:      unlimited
# sequence reporting threshold:    score >= 420
# number of worker threads:        1
# - - - - - - - - - - - - - - - - - - - - - - - - - - - - - - - - - - - -

Query:       COG0495  [M=1244]
Scores for complete sequences (score includes all domains):
   --- full sequence ---   --- best 1 domain ---    -#dom-
    E-value  score  bias    E-value  score  bias    exp  N  Sequence           Description
    ------- ------ -----    ------- ------ -----   ---- --  --------           -----------
          0 1288.3   0.2          0 1288.1   0.2    1.0  1  1089456.NCGM2_5187  protein_id="BAK92008.1" gene="leuS" product="leucyl-tRNA synthetase" GI="348036648" note="similar to GI:116052026; similar to PA14_12230 of P. aeruginosa UCBPP-PA14" project_id="73453"
          0 1256.6   0.3          0 1256.5   0.3    1.0  1  1148.SYNGTS_0727    protein_id="BAK49475.1" gene="leuS" product="leucyl-tRNA synthetase" GI="339272988" note="ORF_ID:sll1074" project_id="67081"
          0 1139.6   0.0          0 1139.5   0.0    1.0  1  1037409.BJ6T_05950  protein_id="BAL05890.1" product="leucyl-tRNA synthetase" GI="354953211" project_id="67463"
          0 1107.7   5.3          0 1107.5   5.3    1.0  1  944546.ABED_0377    protein_id="BAK70094.1" product="leucyl-tRNA synthase" GI="345468643" project_id="61719"
          0 1100.3   3.1          0 1100.1   3.1    1.0  1  944547.ABLL_0532    protein_id="BAK72407.1" product="leucyl-tRNA synthase" GI="345470957" project_id="61721"


Domain annotation for each sequence:
>> 1089456.NCGM2_5187  protein_id="BAK92008.1" gene="leuS" product="leucyl-tRNA synthetase" GI="348036648" note="similar to GI:116052026; similar to PA14_12230 of P. aeruginosa UCBPP-PA14" project_id="73453"
   #    score  bias  c-Evalue  i-Evalue hmmfrom  hmm to    alifrom  ali to    envfrom  env to     acc
 ---   ------ ----- --------- --------- ------- -------    ------- -------    ------- -------    ----
   1 ! 1288.1   0.2         0         0     472    1240 ..       3     886 ..       1     887 [] 0.95

>> 1148.SYNGTS_0727  protein_id="BAK49475.1" gene="leuS" product="leucyl-tRNA synthetase" GI="339272988" note="ORF_ID:sll1074" project_id="67081"
   #    score  bias  c-Evalue  i-Evalue hmmfrom  hmm to    alifrom  ali to    envfrom  env to     acc
 ---   ------ ----- --------- --------- ------- -------    ------- -------    ------- -------    ----
   1 ! 1256.5   0.3         0         0     474    1240 ..       5     868 ..       1     869 [] 0.96

>> 1037409.BJ6T_05950  protein_id="BAL05890.1" product="leucyl-tRNA synthetase" GI="354953211" project_id="67463"
   #    score  bias  c-Evalue  i-Evalue hmmfrom  hmm to    alifrom  ali to    envfrom  env to     acc
 ---   ------ ----- --------- --------- ------- -------    ------- -------    ------- -------    ----
   1 ! 1139.5   0.0         0         0     470    1239 ..       2     873 ..       1     874 [] 0.95

>> 944546.ABED_0377  protein_id="BAK70094.1" product="leucyl-tRNA synthase" GI="345468643" project_id="61719"
   #    score  bias  c-Evalue  i-Evalue hmmfrom  hmm to    alifrom  ali to    envfrom  env to     acc
 ---   ------ ----- --------- --------- ------- -------    ------- -------    ------- -------    ----
   1 ! 1107.5   5.3         0         0     473    1241 ..       2     820 ..       1     821 [] 0.94

>> 944547.ABLL_0532  protein_id="BAK72407.1" product="leucyl-tRNA synthase" GI="345470957" project_id="61721"
   #    score  bias  c-Evalue  i-Evalue hmmfrom  hmm to    alifrom  ali to    envfrom  env to     acc
 ---   ------ ----- --------- --------- ------- -------    ------- -------    ------- -------    ----
   1 ! 1100.1   3.1         0         0     473    1241 ..       2     820 ..       1     821 [] 0.94



Internal pipeline statistics summary:
-------------------------------------
Query model(s):                            1  (1244 nodes)
Target sequences:                      23272  (7230323 residues searched)
Passed MSV filter:                       796  (0.0342042); expected 465.4 (0.02)
Passed bias filter:                      599  (0.0257391); expected 465.4 (0.02)
Passed Vit filter:                        83  (0.00356652); expected 23.3 (0.001)
Passed Fwd filter:                        33  (0.00141801); expected 0.2 (1e-05)
Initial search space (Z):              23272  [actual number of targets]
Domain search space  (domZ):               5  [number of targets reported over threshold]
# CPU time: 0.74u 0.03s 00:00:00.77 Elapsed: 00:00:00.74
# Mc/sec: 11996.22
//
[ok]
