# hmmsearch :: search profile(s) against a sequence database
# HMMER 3.3 (Nov 2019); http://hmmer.org/
# Copyright (C) 2019 Howard Hughes Medical Institute.
# Freely distributed under the BSD open source license.
# - - - - - - - - - - - - - - - - - - - - - - - - - - - - - - - - - - - -
# query HMM file:                  .//../fetchmgs/data/COG0088.hmm
# target sequence database:        .//test_data/example_data_genomes.faa
# output directed to file:         ./example_output_besthits/hmmResults/COG0088.out
# per-dom hits tabular output:     ./example_output_besthits/hmmResults/COG0088.dom
# show alignments in output:       no
# max ASCII text line length:      unlimited
# sequence reporting threshold:    score >= 110
# number of worker threads:        1
# - - - - - - - - - - - - - - - - - - - - - - - - - - - - - - - - - - - -

Query:       COG0088  [M=414]
Scores for complete sequences (score includes all domains):
   --- full sequence ---   --- best 1 domain ---    -#dom-
    E-value  score  bias    E-value  score  bias    exp  N  Sequence           Description
    ------- ------ -----    ------- ------ -----   ---- --  --------           -----------
    4.9e-93  313.0   1.4    5.4e-93  312.9   1.4    1.0  1  1148.SYNGTS_0774    protein_id="BAK49522.1" gene="rpl4" product="50S ribosomal protein L4" GI="339273035" note="ORF_ID:sll1800" project_id="67081"
    4.8e-85  286.7   1.9    5.3e-85  286.6   1.9    1.0  1  1037409.BJ6T_43880  protein_id="BAL09657.1" gene="rplD" product="50S ribosomal protein L4" GI="354956978" project_id="67463"
    6.9e-85  286.2   3.5    7.5e-85  286.1   3.5    1.0  1  1089456.NCGM2_5507  protein_id="BAK92328.1" gene="rplD" product="50S ribosomal protein L4" GI="348036968" note="similar to GI:116052297; similar to PA14_08860 of P. aeruginosa UCBPP-PA14" project_id="73453"
    2.3e-72  244.9   2.3    2.5e-72  244.8   2.3    1.0  1  944546.ABED_0700    protein_id="BAK70417.1" product="50S ribosomal protein L4" GI="345468966" project_id="61719"
      2e-71  241.8   2.2    2.2e-71  241.7   2.2    1.0  1  944547.ABLL_0975    protein_id="BAK72850.1" product="50S ribosomal protein L4" GI="345471400" project_id="61721"


Domain annotation for each sequence:
>> 1148.SYNGTS_0774  protein_id="BAK49522.1" gene="rpl4" product="50S ribosomal protein L4" GI="339273035" note="ORF_ID:sll1800" project_id="67081"
   #    score  bias  c-Evalue  i-Evalue hmmfrom  hmm to    alifrom  ali to    envfrom  env to     acc
 ---   ------ ----- --------- --------- ------- -------    ------- -------    ------- -------    ----
   1 !  312.9   1.4   1.2e-96   5.4e-93      90     296 ..       1     209 [.       1     210 [] 0.97

>> 1037409.BJ6T_43880  protein_id="BAL09657.1" gene="rplD" product="50S ribosomal protein L4" GI="354956978" project_id="67463"
   #    score  bias  c-Evalue  i-Evalue hmmfrom  hmm to    alifrom  ali to    envfrom  env to     acc
 ---   ------ ----- --------- --------- ------- -------    ------- -------    ------- -------    ----
   1 !  286.6   1.9   1.1e-88   5.3e-85      91     296 ..       1     206 []       1     206 [] 0.99

>> 1089456.NCGM2_5507  protein_id="BAK92328.1" gene="rplD" product="50S ribosomal protein L4" GI="348036968" note="similar to GI:116052297; similar to PA14_08860 of P. aeruginosa UCBPP-PA14" project_id="73453"
   #    score  bias  c-Evalue  i-Evalue hmmfrom  hmm to    alifrom  ali to    envfrom  env to     acc
 ---   ------ ----- --------- --------- ------- -------    ------- -------    ------- -------    ----
   1 !  286.1   3.5   1.6e-88   7.5e-85      97     295 ..       4     199 ..       1     200 [] 0.97

>> 944546.ABED_0700  protein_id="BAK70417.1" product="50S ribosomal protein L4" GI="345468966" project_id="61719"
   #    score  bias  c-Evalue  i-Evalue hmmfrom  hmm to    alifrom  ali to    envfrom  env to     acc
 ---   ------ ----- --------- --------- ------- -------    ------- -------    ------- -------    ----
   1 !  244.8   2.3   5.4e-76   2.5e-72      90     292 ..       1     200 [.       1     203 [] 0.98

>> 944547.ABLL_0975  protein_id="BAK72850.1" product="50S ribosomal protein L4" GI="345471400" project_id="61721"
   #    score  bias  c-Evalue  i-Evalue hmmfrom  hmm to    alifrom  ali to    envfrom  env to     acc
 ---   ------ ----- --------- --------- ------- -------    ------- -------    ------- -------    ----
   1 !  241.7   2.2   4.7e-75   2.2e-71      90     292 ..       1     200 [.       1     203 [] 0.98



Internal pipeline statistics summary:
-------------------------------------
Query model(s):                            1  (414 nodes)
Target sequences:                      23272  (7230323 residues searched)
Passed MSV filter:                      1261  (0.0541853); expected 465.4 (0.02)
Passed bias filter:                      560  (0.0240633); expected 465.4 (0.02)
Passed Vit filter:                        78  (0.00335167); expected 23.3 (0.001)
Passed Fwd filter:                         5  (0.00021485); expected 0.2 (1e-05)
Initial search space (Z):              23272  [actual number of targets]
Domain search space  (domZ):               5  [number of targets reported over threshold]
# CPU time: 0.14u 0.01s 00:00:00.15 Elapsed: 00:00:00.12
# Mc/sec: 24446.98
//
[ok]
